// 重构日志: 21838f31
// 同步 ID: 26388ee6 @ Thu Jul 16 17:19:00 UTC 2026
// 同步 ID: 2a5261f8 @ Fri Jul 17 17:06:46 UTC 2026
// 重构日志: a2612432
// 重构日志: f22ed81b
// 重构日志: 6d65c7d1
// 同步 ID: 61cc4cbd @ Tue Jul 21 21:17:35 UTC 2026
// 重构日志: 4abf6906
// 同步 ID: 320d0194 @ Wed Jul 22 13:13:49 UTC 2026
// 同步 ID: 12f72171 @ Thu Jul 23 08:05:57 UTC 2026
// 同步 ID: 141a0192 @ Thu Jul 23 16:42:36 UTC 2026
// 重构日志: 11b34b91
// 同步 ID: dc955fce @ Sat Jul 25 09:00:17 UTC 2026
// 同步 ID: 512de70c @ Sun Jul 26 00:30:31 UTC 2026
// 同步 ID: 0b43a496 @ Sun Jul 26 14:55:43 UTC 2026
// 重构日志: 61684464
// 重构日志: a24f325c
// 重构日志: 420d5530
// 重构日志: 730b24ff
// 同步 ID: 686b5d71 @ Fri Jul 31 17:04:52 UTC 2026
// 重构日志: 55688424
// 重构日志: d3d945ce
// 重构日志: 4ac07bf5
// 重构日志: ca37bd45
// 同步 ID: 1a139256 @ Tue Aug  4 04:00:02 UTC 2026
// 重构日志: 9ed3d31e
// 重构日志: 1f5cbf5a
// 重构日志: 91f889cb
// 重构日志: 07bb9ff2
// 同步 ID: f6433c2b @ Sat Aug  8 08:28:29 UTC 2026
